========================================
Auto-Start Baseline Training Script
========================================

Monitoring GPU: 1
Target steps: 1100000
Check interval: 30s

[2026-03-06 10:07:26] Starting monitoring...

[10:07:27] Step: 927390/1100000 (84.3%) | Process: Running
[10:07:59] Step: 928340/1100000 (84.4%) | Process: Running
[10:08:31] Step: 928340/1100000 (84.4%) | Process: Running
[10:09:06] Step: 928340/1100000 (84.4%) | Process: Running
[10:09:38] Step: 928340/1100000 (84.4%) | Process: Running
[10:10:10] Step: 929300/1100000 (84.5%) | Process: Running
[10:10:42] Step: 929300/1100000 (84.5%) | Process: Running
[10:11:13] Step: 929300/1100000 (84.5%) | Process: Running
[10:11:45] Step: 929300/1100000 (84.5%) | Process: Running
[10:12:17] Step: 930260/1100000 (84.6%) | Process: Running
[10:12:50] Step: 930260/1100000 (84.6%) | Process: Running
[10:13:22] Step: 930260/1100000 (84.6%) | Process: Running
[10:13:54] Step: 931000/1100000 (84.6%) | Process: Running
[10:14:26] Step: 931000/1100000 (84.6%) | Process: Running
[10:14:58] Step: 931000/1100000 (84.6%) | Process: Running
[10:15:30] Step: 931000/1100000 (84.6%) | Process: Running
[10:16:02] Step: 931960/1100000 (84.7%) | Process: Running
[10:16:33] Step: 931960/1100000 (84.7%) | Process: Running
[10:17:05] Step: 931960/1100000 (84.7%) | Process: Running
[10:17:37] Step: 931960/1100000 (84.7%) | Process: Running
[10:18:14] Step: 932910/1100000 (84.8%) | Process: Running
[10:18:46] Step: 932910/1100000 (84.8%) | Process: Running
[10:19:18] Step: 932910/1100000 (84.8%) | Process: Running
[10:19:50] Step: 932910/1100000 (84.8%) | Process: Running
[10:20:22] Step: 933870/1100000 (84.9%) | Process: Running
[10:20:54] Step: 933870/1100000 (84.9%) | Process: Running
[10:21:26] Step: 933870/1100000 (84.9%) | Process: Running
[10:21:58] Step: 934830/1100000 (85.0%) | Process: Running
[10:22:30] Step: 934830/1100000 (85.0%) | Process: Running
[10:23:02] Step: 934830/1100000 (85.0%) | Process: Running
[10:23:35] Step: 934830/1100000 (85.0%) | Process: Running
[10:24:07] Step: 935800/1100000 (85.1%) | Process: Running
[10:24:39] Step: 935800/1100000 (85.1%) | Process: Running
[10:25:11] Step: 935800/1100000 (85.1%) | Process: Running
[10:25:43] Step: 935800/1100000 (85.1%) | Process: Running
[10:26:15] Step: 936760/1100000 (85.2%) | Process: Running
[10:26:47] Step: 936760/1100000 (85.2%) | Process: Running
[10:27:22] Step: 936760/1100000 (85.2%) | Process: Running
[10:27:59] Step: 936760/1100000 (85.2%) | Process: Running
[10:28:31] Step: 937650/1100000 (85.2%) | Process: Running
[10:29:03] Step: 937650/1100000 (85.2%) | Process: Running
[10:29:35] Step: 937650/1100000 (85.2%) | Process: Running
[10:30:07] Step: 937650/1100000 (85.2%) | Process: Running
[10:30:39] Step: 938620/1100000 (85.3%) | Process: Running
[10:31:11] Step: 938620/1100000 (85.3%) | Process: Running
[10:31:43] Step: 938620/1100000 (85.3%) | Process: Running
[10:32:15] Step: 938620/1100000 (85.3%) | Process: Running
[10:32:47] Step: 939580/1100000 (85.4%) | Process: Running
[10:33:19] Step: 939580/1100000 (85.4%) | Process: Running
[10:33:51] Step: 939580/1100000 (85.4%) | Process: Running
[10:34:22] Step: 940530/1100000 (85.5%) | Process: Running
[10:34:54] Step: 940530/1100000 (85.5%) | Process: Running
[10:35:26] Step: 940530/1100000 (85.5%) | Process: Running
[10:35:58] Step: 940530/1100000 (85.5%) | Process: Running
[10:36:30] Step: 941480/1100000 (85.6%) | Process: Running
[10:37:02] Step: 941480/1100000 (85.6%) | Process: Running
[10:37:34] Step: 941480/1100000 (85.6%) | Process: Running
[10:38:06] Step: 941480/1100000 (85.6%) | Process: Running
[10:38:38] Step: 942450/1100000 (85.7%) | Process: Running
[10:39:10] Step: 942450/1100000 (85.7%) | Process: Running
[10:39:42] Step: 942450/1100000 (85.7%) | Process: Running
[10:40:13] Step: 942450/1100000 (85.7%) | Process: Running
[10:40:45] Step: 943410/1100000 (85.8%) | Process: Running
[10:41:17] Step: 943410/1100000 (85.8%) | Process: Running
[10:41:49] Step: 943410/1100000 (85.8%) | Process: Running
[10:42:21] Step: 944370/1100000 (85.9%) | Process: Running
[10:42:53] Step: 944370/1100000 (85.9%) | Process: Running
[10:43:25] Step: 944370/1100000 (85.9%) | Process: Running
[10:43:57] Step: 944370/1100000 (85.9%) | Process: Running
[10:44:29] Step: 945080/1100000 (85.9%) | Process: Running
[10:45:01] Step: 945080/1100000 (85.9%) | Process: Running
[10:45:33] Step: 945080/1100000 (85.9%) | Process: Running
[10:46:05] Step: 945080/1100000 (85.9%) | Process: Running
[10:46:37] Step: 946050/1100000 (86.0%) | Process: Running
[10:47:09] Step: 946050/1100000 (86.0%) | Process: Running
[10:47:41] Step: 946050/1100000 (86.0%) | Process: Running
[10:48:13] Step: 946050/1100000 (86.0%) | Process: Running
[10:48:44] Step: 947000/1100000 (86.1%) | Process: Running
[10:49:16] Step: 947000/1100000 (86.1%) | Process: Running
[10:49:48] Step: 947000/1100000 (86.1%) | Process: Running
[10:50:20] Step: 947000/1100000 (86.1%) | Process: Running
[10:50:52] Step: 947960/1100000 (86.2%) | Process: Running
[10:51:24] Step: 947960/1100000 (86.2%) | Process: Running
[10:51:56] Step: 947960/1100000 (86.2%) | Process: Running
[10:52:28] Step: 948920/1100000 (86.3%) | Process: Running
[10:53:00] Step: 948920/1100000 (86.3%) | Process: Running
[10:53:32] Step: 948920/1100000 (86.3%) | Process: Running
[10:54:04] Step: 948920/1100000 (86.3%) | Process: Running
[10:54:36] Step: 949880/1100000 (86.4%) | Process: Running
[10:55:08] Step: 949880/1100000 (86.4%) | Process: Running
[10:55:39] Step: 949880/1100000 (86.4%) | Process: Running
[10:56:11] Step: 949880/1100000 (86.4%) | Process: Running
[10:56:43] Step: 950810/1100000 (86.4%) | Process: Running
[10:57:15] Step: 950810/1100000 (86.4%) | Process: Running
[10:57:47] Step: 950810/1100000 (86.4%) | Process: Running
[10:58:21] Step: 950810/1100000 (86.4%) | Process: Running
[10:58:53] Step: 951520/1100000 (86.5%) | Process: Running
[10:59:25] Step: 951520/1100000 (86.5%) | Process: Running
[10:59:57] Step: 951520/1100000 (86.5%) | Process: Running
[11:00:29] Step: 952470/1100000 (86.6%) | Process: Running
[11:01:01] Step: 952470/1100000 (86.6%) | Process: Running
[11:01:32] Step: 952470/1100000 (86.6%) | Process: Running
[11:02:04] Step: 952470/1100000 (86.6%) | Process: Running
[11:02:36] Step: 953420/1100000 (86.7%) | Process: Running
[11:03:08] Step: 953420/1100000 (86.7%) | Process: Running
[11:03:40] Step: 953420/1100000 (86.7%) | Process: Running
[11:04:12] Step: 953420/1100000 (86.7%) | Process: Running
[11:04:44] Step: 954370/1100000 (86.8%) | Process: Running
[11:05:16] Step: 954370/1100000 (86.8%) | Process: Running
[11:05:48] Step: 954370/1100000 (86.8%) | Process: Running
[11:06:20] Step: 954370/1100000 (86.8%) | Process: Running
[11:06:52] Step: 955330/1100000 (86.8%) | Process: Running
[11:07:23] Step: 955330/1100000 (86.8%) | Process: Running
[11:07:55] Step: 955330/1100000 (86.8%) | Process: Running
[11:08:27] Step: 955330/1100000 (86.8%) | Process: Running
[11:08:59] Step: 956290/1100000 (86.9%) | Process: Running
[11:09:31] Step: 956290/1100000 (86.9%) | Process: Running
[11:10:03] Step: 956290/1100000 (86.9%) | Process: Running
[11:10:35] Step: 957240/1100000 (87.0%) | Process: Running
[11:11:07] Step: 957240/1100000 (87.0%) | Process: Running
[11:11:39] Step: 957240/1100000 (87.0%) | Process: Running
[11:12:10] Step: 957240/1100000 (87.0%) | Process: Running
[11:12:42] Step: 958190/1100000 (87.1%) | Process: Running
[11:13:14] Step: 958190/1100000 (87.1%) | Process: Running
[11:13:46] Step: 958190/1100000 (87.1%) | Process: Running
[11:14:18] Step: 958190/1100000 (87.1%) | Process: Running
[11:14:50] Step: 958970/1100000 (87.2%) | Process: Running
[11:15:22] Step: 958970/1100000 (87.2%) | Process: Running
[11:15:54] Step: 958970/1100000 (87.2%) | Process: Running
[11:16:26] Step: 958970/1100000 (87.2%) | Process: Running
[11:16:58] Step: 959920/1100000 (87.3%) | Process: Running
[11:17:30] Step: 959920/1100000 (87.3%) | Process: Running
[11:18:01] Step: 959920/1100000 (87.3%) | Process: Running
[11:18:33] Step: 960870/1100000 (87.4%) | Process: Running
[11:19:05] Step: 960870/1100000 (87.4%) | Process: Running
[11:19:37] Step: 960870/1100000 (87.4%) | Process: Running
[11:20:09] Step: 960870/1100000 (87.4%) | Process: Running
[11:20:41] Step: 961840/1100000 (87.4%) | Process: Running
[11:21:13] Step: 961840/1100000 (87.4%) | Process: Running
[11:21:45] Step: 961840/1100000 (87.4%) | Process: Running
[11:22:17] Step: 961840/1100000 (87.4%) | Process: Running
[11:22:49] Step: 962790/1100000 (87.5%) | Process: Running
[11:23:21] Step: 962790/1100000 (87.5%) | Process: Running
[11:23:53] Step: 962790/1100000 (87.5%) | Process: Running
[11:24:25] Step: 962790/1100000 (87.5%) | Process: Running
[11:24:56] Step: 963740/1100000 (87.6%) | Process: Running
[11:25:28] Step: 963740/1100000 (87.6%) | Process: Running
[11:26:00] Step: 963740/1100000 (87.6%) | Process: Running
[11:26:32] Step: 963740/1100000 (87.6%) | Process: Running
[11:27:04] Step: 964700/1100000 (87.7%) | Process: Running
[11:27:36] Step: 964700/1100000 (87.7%) | Process: Running
[11:28:11] Step: 964700/1100000 (87.7%) | Process: Running
[11:28:43] Step: 965480/1100000 (87.8%) | Process: Running
[11:29:15] Step: 965480/1100000 (87.8%) | Process: Running
[11:29:47] Step: 965480/1100000 (87.8%) | Process: Running
[11:30:19] Step: 965480/1100000 (87.8%) | Process: Running
[11:30:51] Step: 966430/1100000 (87.9%) | Process: Running
[11:31:23] Step: 966430/1100000 (87.9%) | Process: Running
[11:31:55] Step: 966430/1100000 (87.9%) | Process: Running
[11:32:27] Step: 966430/1100000 (87.9%) | Process: Running
[11:32:59] Step: 967400/1100000 (87.9%) | Process: Running
[11:33:31] Step: 967400/1100000 (87.9%) | Process: Running
[11:34:03] Step: 967400/1100000 (87.9%) | Process: Running
[11:34:35] Step: 967400/1100000 (87.9%) | Process: Running
[11:35:07] Step: 968360/1100000 (88.0%) | Process: Running
[11:35:38] Step: 968360/1100000 (88.0%) | Process: Running
[11:36:10] Step: 968360/1100000 (88.0%) | Process: Running
[11:36:42] Step: 969320/1100000 (88.1%) | Process: Running
[11:37:14] Step: 969320/1100000 (88.1%) | Process: Running
[11:37:46] Step: 969320/1100000 (88.1%) | Process: Running
[11:38:18] Step: 969320/1100000 (88.1%) | Process: Running
[11:38:50] Step: 970290/1100000 (88.2%) | Process: Running
[11:39:22] Step: 970290/1100000 (88.2%) | Process: Running
[11:39:54] Step: 970290/1100000 (88.2%) | Process: Running
[11:40:26] Step: 970290/1100000 (88.2%) | Process: Running
[11:40:58] Step: 971260/1100000 (88.3%) | Process: Running
[11:41:30] Step: 971260/1100000 (88.3%) | Process: Running
[11:42:02] Step: 971260/1100000 (88.3%) | Process: Running
[11:42:34] Step: 971260/1100000 (88.3%) | Process: Running
[11:43:09] Step: 972210/1100000 (88.4%) | Process: Running
[11:43:41] Step: 972210/1100000 (88.4%) | Process: Running
[11:44:13] Step: 972210/1100000 (88.4%) | Process: Running
[11:44:44] Step: 972970/1100000 (88.5%) | Process: Running
[11:45:16] Step: 972970/1100000 (88.5%) | Process: Running
[11:45:48] Step: 972970/1100000 (88.5%) | Process: Running
[11:46:20] Step: 972970/1100000 (88.5%) | Process: Running
[11:46:52] Step: 973930/1100000 (88.5%) | Process: Running
[11:47:24] Step: 973930/1100000 (88.5%) | Process: Running
[11:47:56] Step: 973930/1100000 (88.5%) | Process: Running
[11:48:28] Step: 973930/1100000 (88.5%) | Process: Running
[11:49:00] Step: 974870/1100000 (88.6%) | Process: Running
[11:49:32] Step: 974870/1100000 (88.6%) | Process: Running
[11:50:04] Step: 974870/1100000 (88.6%) | Process: Running
[11:50:36] Step: 974870/1100000 (88.6%) | Process: Running
[11:51:08] Step: 975830/1100000 (88.7%) | Process: Running
[11:51:40] Step: 975830/1100000 (88.7%) | Process: Running
[11:52:11] Step: 975830/1100000 (88.7%) | Process: Running
[11:52:43] Step: 976780/1100000 (88.8%) | Process: Running
[11:53:15] Step: 976780/1100000 (88.8%) | Process: Running
[11:53:47] Step: 976780/1100000 (88.8%) | Process: Running
[11:54:19] Step: 976780/1100000 (88.8%) | Process: Running
[11:54:51] Step: 977740/1100000 (88.9%) | Process: Running
[11:55:23] Step: 977740/1100000 (88.9%) | Process: Running
[11:55:55] Step: 977740/1100000 (88.9%) | Process: Running
[11:56:27] Step: 977740/1100000 (88.9%) | Process: Running
[11:56:59] Step: 978690/1100000 (89.0%) | Process: Running
[11:57:31] Step: 978690/1100000 (89.0%) | Process: Running
[11:58:03] Step: 978690/1100000 (89.0%) | Process: Running
[11:58:40] Step: 978690/1100000 (89.0%) | Process: Running
[11:59:12] Step: 979250/1100000 (89.0%) | Process: Running
[11:59:44] Step: 979250/1100000 (89.0%) | Process: Running
[12:00:16] Step: 979250/1100000 (89.0%) | Process: Running
[12:00:47] Step: 980200/1100000 (89.1%) | Process: Running
[12:01:19] Step: 980200/1100000 (89.1%) | Process: Running
[12:01:51] Step: 980200/1100000 (89.1%) | Process: Running
[12:02:23] Step: 980200/1100000 (89.1%) | Process: Running
[12:02:55] Step: 981150/1100000 (89.2%) | Process: Running
[12:03:27] Step: 981150/1100000 (89.2%) | Process: Running
[12:03:59] Step: 981150/1100000 (89.2%) | Process: Running
[12:04:31] Step: 981150/1100000 (89.2%) | Process: Running
[12:05:03] Step: 982100/1100000 (89.3%) | Process: Running
[12:05:34] Step: 982100/1100000 (89.3%) | Process: Running
[12:06:06] Step: 982100/1100000 (89.3%) | Process: Running
[12:06:38] Step: 982100/1100000 (89.3%) | Process: Running
[12:07:10] Step: 983060/1100000 (89.4%) | Process: Running
[12:07:42] Step: 983060/1100000 (89.4%) | Process: Running
[12:08:14] Step: 983060/1100000 (89.4%) | Process: Running
[12:08:46] Step: 983060/1100000 (89.4%) | Process: Running
[12:09:18] Step: 984010/1100000 (89.5%) | Process: Running
[12:09:50] Step: 984010/1100000 (89.5%) | Process: Running
[12:10:22] Step: 984010/1100000 (89.5%) | Process: Running
[12:10:54] Step: 984980/1100000 (89.5%) | Process: Running
[12:11:26] Step: 984980/1100000 (89.5%) | Process: Running
[12:11:58] Step: 984980/1100000 (89.5%) | Process: Running
[12:12:29] Step: 984980/1100000 (89.5%) | Process: Running
[12:13:01] Step: 985920/1100000 (89.6%) | Process: Running
[12:13:33] Step: 985920/1100000 (89.6%) | Process: Running
[12:14:05] Step: 985920/1100000 (89.6%) | Process: Running
[12:14:37] Step: 985920/1100000 (89.6%) | Process: Running
[12:15:09] Step: 986580/1100000 (89.7%) | Process: Running
[12:15:42] Step: 986580/1100000 (89.7%) | Process: Running
[12:16:14] Step: 986580/1100000 (89.7%) | Process: Running
[12:16:46] Step: 986580/1100000 (89.7%) | Process: Running
[12:17:18] Step: 987550/1100000 (89.8%) | Process: Running
[12:17:50] Step: 987550/1100000 (89.8%) | Process: Running
[12:18:22] Step: 987550/1100000 (89.8%) | Process: Running
[12:18:54] Step: 988500/1100000 (89.9%) | Process: Running
[12:19:26] Step: 988500/1100000 (89.9%) | Process: Running
[12:19:58] Step: 988500/1100000 (89.9%) | Process: Running
[12:20:30] Step: 988500/1100000 (89.9%) | Process: Running
[12:21:02] Step: 989470/1100000 (90.0%) | Process: Running
[12:21:34] Step: 989470/1100000 (90.0%) | Process: Running
[12:22:06] Step: 989470/1100000 (90.0%) | Process: Running
[12:22:38] Step: 989470/1100000 (90.0%) | Process: Running
[12:23:10] Step: 990440/1100000 (90.0%) | Process: Running
[12:23:42] Step: 990440/1100000 (90.0%) | Process: Running
[12:24:13] Step: 990440/1100000 (90.0%) | Process: Running
[12:24:45] Step: 990440/1100000 (90.0%) | Process: Running
[12:25:17] Step: 991390/1100000 (90.1%) | Process: Running
[12:25:49] Step: 991390/1100000 (90.1%) | Process: Running
[12:26:21] Step: 991390/1100000 (90.1%) | Process: Running
[12:26:53] Step: 991390/1100000 (90.1%) | Process: Running
[12:27:25] Step: 992360/1100000 (90.2%) | Process: Running
[12:27:57] Step: 992360/1100000 (90.2%) | Process: Running
[12:28:29] Step: 992360/1100000 (90.2%) | Process: Running
[12:29:01] Step: 993130/1100000 (90.3%) | Process: Running
[12:29:33] Step: 993130/1100000 (90.3%) | Process: Running
[12:30:05] Step: 993130/1100000 (90.3%) | Process: Running
[12:30:37] Step: 993130/1100000 (90.3%) | Process: Running
[12:31:09] Step: 994080/1100000 (90.4%) | Process: Running
[12:31:41] Step: 994080/1100000 (90.4%) | Process: Running
[12:32:13] Step: 994080/1100000 (90.4%) | Process: Running
[12:32:45] Step: 994080/1100000 (90.4%) | Process: Running
[12:33:16] Step: 995030/1100000 (90.5%) | Process: Running
[12:33:48] Step: 995030/1100000 (90.5%) | Process: Running
[12:34:20] Step: 995030/1100000 (90.5%) | Process: Running
[12:34:52] Step: 995030/1100000 (90.5%) | Process: Running
[12:35:24] Step: 995990/1100000 (90.5%) | Process: Running
[12:35:56] Step: 995990/1100000 (90.5%) | Process: Running
[12:36:28] Step: 995990/1100000 (90.5%) | Process: Running
[12:37:00] Step: 996960/1100000 (90.6%) | Process: Running
[12:37:32] Step: 996960/1100000 (90.6%) | Process: Running
[12:38:04] Step: 996960/1100000 (90.6%) | Process: Running
[12:38:36] Step: 996960/1100000 (90.6%) | Process: Running
[12:39:08] Step: 997930/1100000 (90.7%) | Process: Running
[12:39:40] Step: 997930/1100000 (90.7%) | Process: Running
[12:40:11] Step: 997930/1100000 (90.7%) | Process: Running
[12:40:43] Step: 997930/1100000 (90.7%) | Process: Running
[12:41:15] Step: 998890/1100000 (90.8%) | Process: Running
[12:41:47] Step: 998890/1100000 (90.8%) | Process: Running
[12:42:19] Step: 998890/1100000 (90.8%) | Process: Running
[12:42:51] Step: 998890/1100000 (90.8%) | Process: Running
[12:43:29] Step: 998890/1100000 (90.8%) | Process: Running
[12:44:01] Step: 999810/1100000 (90.9%) | Process: Running
[12:44:33] Step: 999810/1100000 (90.9%) | Process: Running
[12:45:04] Step: 999810/1100000 (90.9%) | Process: Running
[12:45:36] Step: 1000790/1100000 (91.0%) | Process: Running
[12:46:08] Step: 1000790/1100000 (91.0%) | Process: Running
[12:46:40] Step: 1000790/1100000 (91.0%) | Process: Running
[12:47:12] Step: 1000790/1100000 (91.0%) | Process: Running
[12:47:44] Step: 1001750/1100000 (91.1%) | Process: Running
[12:48:16] Step: 1001750/1100000 (91.1%) | Process: Running
[12:48:48] Step: 1001750/1100000 (91.1%) | Process: Running
[12:49:20] Step: 1001750/1100000 (91.1%) | Process: Running
[12:49:52] Step: 1002710/1100000 (91.2%) | Process: Running
[12:50:23] Step: 1002710/1100000 (91.2%) | Process: Running
[12:50:55] Step: 1002710/1100000 (91.2%) | Process: Running
[12:51:27] Step: 1002710/1100000 (91.2%) | Process: Running
[12:51:59] Step: 1003670/1100000 (91.2%) | Process: Running
[12:52:31] Step: 1003670/1100000 (91.2%) | Process: Running
[12:53:03] Step: 1003670/1100000 (91.2%) | Process: Running
[12:53:35] Step: 1003670/1100000 (91.2%) | Process: Running
[12:54:07] Step: 1004640/1100000 (91.3%) | Process: Running
[12:54:39] Step: 1004640/1100000 (91.3%) | Process: Running
[12:55:11] Step: 1004640/1100000 (91.3%) | Process: Running
[12:55:43] Step: 1005580/1100000 (91.4%) | Process: Running
[12:56:14] Step: 1005580/1100000 (91.4%) | Process: Running
[12:56:46] Step: 1005580/1100000 (91.4%) | Process: Running
[12:57:18] Step: 1005580/1100000 (91.4%) | Process: Running
[12:57:50] Step: 1006550/1100000 (91.5%) | Process: Running
[12:58:22] Step: 1006550/1100000 (91.5%) | Process: Running
[12:58:54] Step: 1006550/1100000 (91.5%) | Process: Running
[12:59:26] Step: 1006550/1100000 (91.5%) | Process: Running
[12:59:58] Step: 1007310/1100000 (91.6%) | Process: Running
[13:00:30] Step: 1007310/1100000 (91.6%) | Process: Running
[13:01:02] Step: 1007310/1100000 (91.6%) | Process: Running
[13:01:34] Step: 1007310/1100000 (91.6%) | Process: Running
[13:02:05] Step: 1008280/1100000 (91.7%) | Process: Running
[13:02:37] Step: 1008280/1100000 (91.7%) | Process: Running
[13:03:09] Step: 1008280/1100000 (91.7%) | Process: Running
[13:03:41] Step: 1008280/1100000 (91.7%) | Process: Running
[13:04:13] Step: 1009230/1100000 (91.7%) | Process: Running
[13:04:45] Step: 1009230/1100000 (91.7%) | Process: Running
[13:05:17] Step: 1009230/1100000 (91.7%) | Process: Running
[13:05:49] Step: 1010190/1100000 (91.8%) | Process: Running
[13:06:21] Step: 1010190/1100000 (91.8%) | Process: Running
[13:06:53] Step: 1010190/1100000 (91.8%) | Process: Running
[13:07:25] Step: 1010190/1100000 (91.8%) | Process: Running
[13:07:57] Step: 1011150/1100000 (91.9%) | Process: Running
[13:08:29] Step: 1011150/1100000 (91.9%) | Process: Running
[13:09:00] Step: 1011150/1100000 (91.9%) | Process: Running
[13:09:32] Step: 1011150/1100000 (91.9%) | Process: Running
[13:10:04] Step: 1012100/1100000 (92.0%) | Process: Running
[13:10:36] Step: 1012100/1100000 (92.0%) | Process: Running
[13:11:08] Step: 1012100/1100000 (92.0%) | Process: Running
[13:11:40] Step: 1012100/1100000 (92.0%) | Process: Running
[13:12:12] Step: 1013070/1100000 (92.1%) | Process: Running
[13:12:44] Step: 1013070/1100000 (92.1%) | Process: Running
[13:13:21] Step: 1013070/1100000 (92.1%) | Process: Running
[13:13:53] Step: 1013760/1100000 (92.2%) | Process: Running
[13:14:24] Step: 1013760/1100000 (92.2%) | Process: Running
[13:14:56] Step: 1013760/1100000 (92.2%) | Process: Running
[13:15:28] Step: 1013760/1100000 (92.2%) | Process: Running
[13:16:00] Step: 1014710/1100000 (92.2%) | Process: Running
[13:16:32] Step: 1014710/1100000 (92.2%) | Process: Running
[13:17:04] Step: 1014710/1100000 (92.2%) | Process: Running
[13:17:36] Step: 1014710/1100000 (92.2%) | Process: Running
[13:18:08] Step: 1015660/1100000 (92.3%) | Process: Running
[13:18:40] Step: 1015660/1100000 (92.3%) | Process: Running
[13:19:12] Step: 1015660/1100000 (92.3%) | Process: Running
[13:19:43] Step: 1015660/1100000 (92.3%) | Process: Running
[13:20:15] Step: 1016620/1100000 (92.4%) | Process: Running
[13:20:47] Step: 1016620/1100000 (92.4%) | Process: Running
[13:21:19] Step: 1016620/1100000 (92.4%) | Process: Running
[13:21:51] Step: 1017590/1100000 (92.5%) | Process: Running
[13:22:23] Step: 1017590/1100000 (92.5%) | Process: Running
[13:22:55] Step: 1017590/1100000 (92.5%) | Process: Running
[13:23:27] Step: 1017590/1100000 (92.5%) | Process: Running
[13:23:59] Step: 1018550/1100000 (92.6%) | Process: Running
[13:24:31] Step: 1018550/1100000 (92.6%) | Process: Running
[13:25:02] Step: 1018550/1100000 (92.6%) | Process: Running
[13:25:34] Step: 1018550/1100000 (92.6%) | Process: Running
[13:26:06] Step: 1019520/1100000 (92.7%) | Process: Running
[13:26:38] Step: 1019520/1100000 (92.7%) | Process: Running
[13:27:10] Step: 1019520/1100000 (92.7%) | Process: Running
[13:27:42] Step: 1019520/1100000 (92.7%) | Process: Running
[13:28:14] Step: 1020480/1100000 (92.8%) | Process: Running
[13:28:50] Step: 1020480/1100000 (92.8%) | Process: Running
[13:29:22] Step: 1020480/1100000 (92.8%) | Process: Running
[13:29:54] Step: 1020950/1100000 (92.8%) | Process: Running
[13:30:26] Step: 1020950/1100000 (92.8%) | Process: Running
[13:30:58] Step: 1020950/1100000 (92.8%) | Process: Running
[13:31:30] Step: 1020950/1100000 (92.8%) | Process: Running
[13:32:02] Step: 1021900/1100000 (92.9%) | Process: Running
[13:32:33] Step: 1021900/1100000 (92.9%) | Process: Running
[13:33:05] Step: 1021900/1100000 (92.9%) | Process: Running
[13:33:37] Step: 1021900/1100000 (92.9%) | Process: Running
[13:34:09] Step: 1022860/1100000 (93.0%) | Process: Running
[13:34:41] Step: 1022860/1100000 (93.0%) | Process: Running
[13:35:13] Step: 1022860/1100000 (93.0%) | Process: Running
[13:35:45] Step: 1022860/1100000 (93.0%) | Process: Running
[13:36:17] Step: 1023820/1100000 (93.1%) | Process: Running
[13:36:49] Step: 1023820/1100000 (93.1%) | Process: Running
[13:37:21] Step: 1023820/1100000 (93.1%) | Process: Running
[13:37:57] Step: 1023820/1100000 (93.1%) | Process: Running
[13:38:29] Step: 1024770/1100000 (93.2%) | Process: Running
[13:39:01] Step: 1024770/1100000 (93.2%) | Process: Running
[13:39:33] Step: 1024770/1100000 (93.2%) | Process: Running
[13:40:05] Step: 1025720/1100000 (93.2%) | Process: Running
[13:40:37] Step: 1025720/1100000 (93.2%) | Process: Running
[13:41:09] Step: 1025720/1100000 (93.2%) | Process: Running
[13:41:41] Step: 1025720/1100000 (93.2%) | Process: Running
[13:42:13] Step: 1026670/1100000 (93.3%) | Process: Running
[13:42:45] Step: 1026670/1100000 (93.3%) | Process: Running
[13:43:19] Step: 1026670/1100000 (93.3%) | Process: Running
[13:43:51] Step: 1026670/1100000 (93.3%) | Process: Running
[13:44:23] Step: 1027460/1100000 (93.4%) | Process: Running
[13:44:54] Step: 1027460/1100000 (93.4%) | Process: Running
[13:45:26] Step: 1027460/1100000 (93.4%) | Process: Running
[13:45:58] Step: 1028410/1100000 (93.5%) | Process: Running
[13:46:30] Step: 1028410/1100000 (93.5%) | Process: Running
[13:47:03] Step: 1028410/1100000 (93.5%) | Process: Running
[13:47:35] Step: 1028410/1100000 (93.5%) | Process: Running
[13:48:07] Step: 1029370/1100000 (93.6%) | Process: Running
[13:48:38] Step: 1029370/1100000 (93.6%) | Process: Running
[13:49:10] Step: 1029370/1100000 (93.6%) | Process: Running
[13:49:42] Step: 1029370/1100000 (93.6%) | Process: Running
[13:50:14] Step: 1030330/1100000 (93.7%) | Process: Running
[13:50:46] Step: 1030330/1100000 (93.7%) | Process: Running
[13:51:18] Step: 1030330/1100000 (93.7%) | Process: Running
[13:51:50] Step: 1030330/1100000 (93.7%) | Process: Running
[13:52:22] Step: 1031290/1100000 (93.8%) | Process: Running
[13:52:54] Step: 1031290/1100000 (93.8%) | Process: Running
[13:53:26] Step: 1031290/1100000 (93.8%) | Process: Running
[13:53:58] Step: 1031290/1100000 (93.8%) | Process: Running
[13:54:30] Step: 1032250/1100000 (93.8%) | Process: Running
[13:55:01] Step: 1032250/1100000 (93.8%) | Process: Running
[13:55:33] Step: 1032250/1100000 (93.8%) | Process: Running
[13:56:07] Step: 1033210/1100000 (93.9%) | Process: Running
[13:56:39] Step: 1033210/1100000 (93.9%) | Process: Running
[13:57:11] Step: 1033210/1100000 (93.9%) | Process: Running
[13:57:42] Step: 1033210/1100000 (93.9%) | Process: Running
[13:58:19] Step: 1033210/1100000 (93.9%) | Process: Running
[13:58:51] Step: 1034160/1100000 (94.0%) | Process: Running
[13:59:23] Step: 1034160/1100000 (94.0%) | Process: Running
[13:59:55] Step: 1034160/1100000 (94.0%) | Process: Running
[14:00:27] Step: 1035120/1100000 (94.1%) | Process: Running
[14:00:58] Step: 1035120/1100000 (94.1%) | Process: Running
[14:01:30] Step: 1035120/1100000 (94.1%) | Process: Running
[14:02:02] Step: 1035120/1100000 (94.1%) | Process: Running
[14:02:34] Step: 1036100/1100000 (94.2%) | Process: Running
[14:03:06] Step: 1036100/1100000 (94.2%) | Process: Running
[14:03:38] Step: 1036100/1100000 (94.2%) | Process: Running
[14:04:10] Step: 1036100/1100000 (94.2%) | Process: Running
[14:04:42] Step: 1037060/1100000 (94.3%) | Process: Running
[14:05:14] Step: 1037060/1100000 (94.3%) | Process: Running
[14:05:45] Step: 1037060/1100000 (94.3%) | Process: Running
[14:06:17] Step: 1037060/1100000 (94.3%) | Process: Running
[14:06:50] Step: 1038020/1100000 (94.4%) | Process: Running
[14:07:22] Step: 1038020/1100000 (94.4%) | Process: Running
[14:07:54] Step: 1038020/1100000 (94.4%) | Process: Running
[14:08:26] Step: 1038970/1100000 (94.5%) | Process: Running
[14:08:58] Step: 1038970/1100000 (94.5%) | Process: Running
[14:09:30] Step: 1038970/1100000 (94.5%) | Process: Running
[14:10:02] Step: 1038970/1100000 (94.5%) | Process: Running
[14:10:34] Step: 1039930/1100000 (94.5%) | Process: Running
[14:11:06] Step: 1039930/1100000 (94.5%) | Process: Running
[14:11:38] Step: 1039930/1100000 (94.5%) | Process: Running
[14:12:10] Step: 1039930/1100000 (94.5%) | Process: Running
[14:12:42] Step: 1040890/1100000 (94.6%) | Process: Running
[14:13:18] Step: 1040890/1100000 (94.6%) | Process: Running
[14:13:50] Step: 1040890/1100000 (94.6%) | Process: Running
[14:14:22] Step: 1040890/1100000 (94.6%) | Process: Running
[14:14:54] Step: 1041660/1100000 (94.7%) | Process: Running
[14:15:26] Step: 1041660/1100000 (94.7%) | Process: Running
[14:15:58] Step: 1041660/1100000 (94.7%) | Process: Running
[14:16:30] Step: 1042600/1100000 (94.8%) | Process: Running
[14:17:01] Step: 1042600/1100000 (94.8%) | Process: Running
[14:17:33] Step: 1042600/1100000 (94.8%) | Process: Running
[14:18:05] Step: 1042600/1100000 (94.8%) | Process: Running
[14:18:37] Step: 1043570/1100000 (94.9%) | Process: Running
[14:19:09] Step: 1043570/1100000 (94.9%) | Process: Running
[14:19:41] Step: 1043570/1100000 (94.9%) | Process: Running
[14:20:13] Step: 1043570/1100000 (94.9%) | Process: Running
[14:20:45] Step: 1044520/1100000 (95.0%) | Process: Running
[14:21:17] Step: 1044520/1100000 (95.0%) | Process: Running
[14:21:48] Step: 1044520/1100000 (95.0%) | Process: Running
[14:22:20] Step: 1044520/1100000 (95.0%) | Process: Running
[14:22:52] Step: 1045490/1100000 (95.0%) | Process: Running
[14:23:24] Step: 1045490/1100000 (95.0%) | Process: Running
[14:23:56] Step: 1045490/1100000 (95.0%) | Process: Running
[14:24:28] Step: 1045490/1100000 (95.0%) | Process: Running
[14:25:00] Step: 1046460/1100000 (95.1%) | Process: Running
[14:25:32] Step: 1046460/1100000 (95.1%) | Process: Running
[14:26:04] Step: 1046460/1100000 (95.1%) | Process: Running
[14:26:35] Step: 1047410/1100000 (95.2%) | Process: Running
[14:27:07] Step: 1047410/1100000 (95.2%) | Process: Running
[14:27:39] Step: 1047410/1100000 (95.2%) | Process: Running
[14:28:16] Step: 1047410/1100000 (95.2%) | Process: Running
[14:28:48] Step: 1048200/1100000 (95.3%) | Process: Running
[14:29:20] Step: 1048200/1100000 (95.3%) | Process: Running
[14:29:52] Step: 1048200/1100000 (95.3%) | Process: Running
[14:30:24] Step: 1048200/1100000 (95.3%) | Process: Running
[14:30:56] Step: 1049150/1100000 (95.4%) | Process: Running
[14:31:27] Step: 1049150/1100000 (95.4%) | Process: Running
[14:31:59] Step: 1049150/1100000 (95.4%) | Process: Running
[14:32:31] Step: 1049150/1100000 (95.4%) | Process: Running
[14:33:03] Step: 1050100/1100000 (95.5%) | Process: Running
[14:33:35] Step: 1050100/1100000 (95.5%) | Process: Running
[14:34:07] Step: 1050100/1100000 (95.5%) | Process: Running
[14:34:39] Step: 1051070/1100000 (95.6%) | Process: Running
[14:35:11] Step: 1051070/1100000 (95.6%) | Process: Running
[14:35:43] Step: 1051070/1100000 (95.6%) | Process: Running
[14:36:14] Step: 1051070/1100000 (95.6%) | Process: Running
[14:36:46] Step: 1052030/1100000 (95.6%) | Process: Running
[14:37:18] Step: 1052030/1100000 (95.6%) | Process: Running
[14:37:50] Step: 1052030/1100000 (95.6%) | Process: Running
[14:38:22] Step: 1052030/1100000 (95.6%) | Process: Running
[14:38:54] Step: 1052980/1100000 (95.7%) | Process: Running
[14:39:26] Step: 1052980/1100000 (95.7%) | Process: Running
[14:39:58] Step: 1052980/1100000 (95.7%) | Process: Running
[14:40:30] Step: 1052980/1100000 (95.7%) | Process: Running
[14:41:02] Step: 1053950/1100000 (95.8%) | Process: Running
[14:41:34] Step: 1053950/1100000 (95.8%) | Process: Running
[14:42:06] Step: 1053950/1100000 (95.8%) | Process: Running
[14:42:38] Step: 1054890/1100000 (95.9%) | Process: Running
[14:43:15] Step: 1054890/1100000 (95.9%) | Process: Running
[14:43:46] Step: 1054890/1100000 (95.9%) | Process: Running
[14:44:18] Step: 1054890/1100000 (95.9%) | Process: Running
[14:44:50] Step: 1055670/1100000 (96.0%) | Process: Running
[14:45:22] Step: 1055670/1100000 (96.0%) | Process: Running
[14:45:54] Step: 1055670/1100000 (96.0%) | Process: Running
[14:46:26] Step: 1055670/1100000 (96.0%) | Process: Running
[14:46:58] Step: 1056640/1100000 (96.1%) | Process: Running
[14:47:30] Step: 1056640/1100000 (96.1%) | Process: Running
[14:48:02] Step: 1056640/1100000 (96.1%) | Process: Running
[14:48:34] Step: 1056640/1100000 (96.1%) | Process: Running
[14:49:05] Step: 1057590/1100000 (96.1%) | Process: Running
[14:49:37] Step: 1057590/1100000 (96.1%) | Process: Running
[14:50:09] Step: 1057590/1100000 (96.1%) | Process: Running
[14:50:41] Step: 1057590/1100000 (96.1%) | Process: Running
[14:51:13] Step: 1058560/1100000 (96.2%) | Process: Running
[14:51:45] Step: 1058560/1100000 (96.2%) | Process: Running
[14:52:17] Step: 1058560/1100000 (96.2%) | Process: Running
[14:52:49] Step: 1059520/1100000 (96.3%) | Process: Running
[14:53:21] Step: 1059520/1100000 (96.3%) | Process: Running
[14:53:53] Step: 1059520/1100000 (96.3%) | Process: Running
[14:54:25] Step: 1059520/1100000 (96.3%) | Process: Running
[14:54:57] Step: 1060460/1100000 (96.4%) | Process: Running
[14:55:28] Step: 1060460/1100000 (96.4%) | Process: Running
[14:56:00] Step: 1060460/1100000 (96.4%) | Process: Running
[14:56:32] Step: 1060460/1100000 (96.4%) | Process: Running
[14:57:04] Step: 1061420/1100000 (96.5%) | Process: Running
[14:57:36] Step: 1061420/1100000 (96.5%) | Process: Running
[14:58:13] Step: 1061420/1100000 (96.5%) | Process: Running
[14:58:45] Step: 1062190/1100000 (96.6%) | Process: Running
[14:59:22] Step: 1062190/1100000 (96.6%) | Process: Running
[14:59:54] Step: 1062190/1100000 (96.6%) | Process: Running
[15:00:26] Step: 1062190/1100000 (96.6%) | Process: Running
[15:00:58] Step: 1063150/1100000 (96.7%) | Process: Running
[15:01:30] Step: 1063150/1100000 (96.7%) | Process: Running
[15:02:02] Step: 1063150/1100000 (96.7%) | Process: Running
[15:02:33] Step: 1063150/1100000 (96.7%) | Process: Running
[15:03:05] Step: 1064120/1100000 (96.7%) | Process: Running
[15:03:37] Step: 1064120/1100000 (96.7%) | Process: Running
[15:04:09] Step: 1064120/1100000 (96.7%) | Process: Running
[15:04:41] Step: 1064120/1100000 (96.7%) | Process: Running
[15:05:13] Step: 1065080/1100000 (96.8%) | Process: Running
[15:05:45] Step: 1065080/1100000 (96.8%) | Process: Running
[15:06:17] Step: 1065080/1100000 (96.8%) | Process: Running
[15:06:49] Step: 1066040/1100000 (96.9%) | Process: Running
[15:07:20] Step: 1066040/1100000 (96.9%) | Process: Running
[15:07:52] Step: 1066040/1100000 (96.9%) | Process: Running
[15:08:27] Step: 1066040/1100000 (96.9%) | Process: Running
[15:08:59] Step: 1066990/1100000 (97.0%) | Process: Running
[15:09:31] Step: 1066990/1100000 (97.0%) | Process: Running
[15:10:03] Step: 1066990/1100000 (97.0%) | Process: Running
[15:10:35] Step: 1066990/1100000 (97.0%) | Process: Running
[15:11:07] Step: 1067950/1100000 (97.1%) | Process: Running
[15:11:39] Step: 1067950/1100000 (97.1%) | Process: Running
[15:12:11] Step: 1067950/1100000 (97.1%) | Process: Running
[15:12:42] Step: 1067950/1100000 (97.1%) | Process: Running
[15:13:19] Step: 1068920/1100000 (97.2%) | Process: Running
[15:13:51] Step: 1068920/1100000 (97.2%) | Process: Running
[15:14:23] Step: 1068920/1100000 (97.2%) | Process: Running
[15:14:55] Step: 1069710/1100000 (97.2%) | Process: Running
[15:15:27] Step: 1069710/1100000 (97.2%) | Process: Running
[15:15:59] Step: 1069710/1100000 (97.2%) | Process: Running
[15:16:31] Step: 1069710/1100000 (97.2%) | Process: Running
[15:17:03] Step: 1070670/1100000 (97.3%) | Process: Running
[15:17:35] Step: 1070670/1100000 (97.3%) | Process: Running
[15:18:07] Step: 1070670/1100000 (97.3%) | Process: Running
[15:18:39] Step: 1070670/1100000 (97.3%) | Process: Running
[15:19:10] Step: 1071630/1100000 (97.4%) | Process: Running
[15:19:42] Step: 1071630/1100000 (97.4%) | Process: Running
[15:20:14] Step: 1071630/1100000 (97.4%) | Process: Running
[15:20:46] Step: 1071630/1100000 (97.4%) | Process: Running
[15:21:18] Step: 1072610/1100000 (97.5%) | Process: Running
[15:21:50] Step: 1072610/1100000 (97.5%) | Process: Running
[15:22:22] Step: 1072610/1100000 (97.5%) | Process: Running
[15:22:54] Step: 1072610/1100000 (97.5%) | Process: Running
[15:23:26] Step: 1073580/1100000 (97.6%) | Process: Running
[15:23:58] Step: 1073580/1100000 (97.6%) | Process: Running
[15:24:29] Step: 1073580/1100000 (97.6%) | Process: Running
[15:25:01] Step: 1074540/1100000 (97.7%) | Process: Running
[15:25:33] Step: 1074540/1100000 (97.7%) | Process: Running
[15:26:05] Step: 1074540/1100000 (97.7%) | Process: Running
[15:26:37] Step: 1074540/1100000 (97.7%) | Process: Running
[15:27:09] Step: 1075500/1100000 (97.8%) | Process: Running
[15:27:41] Step: 1075500/1100000 (97.8%) | Process: Running
[15:28:18] Step: 1075500/1100000 (97.8%) | Process: Running
[15:28:50] Step: 1075500/1100000 (97.8%) | Process: Running
[15:29:21] Step: 1076280/1100000 (97.8%) | Process: Running
[15:29:53] Step: 1076280/1100000 (97.8%) | Process: Running
[15:30:25] Step: 1076280/1100000 (97.8%) | Process: Running
[15:30:57] Step: 1076280/1100000 (97.8%) | Process: Running
[15:31:29] Step: 1077240/1100000 (97.9%) | Process: Running
[15:32:01] Step: 1077240/1100000 (97.9%) | Process: Running
[15:32:33] Step: 1077240/1100000 (97.9%) | Process: Running
[15:33:05] Step: 1078190/1100000 (98.0%) | Process: Running
[15:33:37] Step: 1078190/1100000 (98.0%) | Process: Running
[15:34:09] Step: 1078190/1100000 (98.0%) | Process: Running
[15:34:41] Step: 1078190/1100000 (98.0%) | Process: Running
[15:35:12] Step: 1079160/1100000 (98.1%) | Process: Running
[15:35:44] Step: 1079160/1100000 (98.1%) | Process: Running
[15:36:16] Step: 1079160/1100000 (98.1%) | Process: Running
[15:36:48] Step: 1079160/1100000 (98.1%) | Process: Running
[15:37:20] Step: 1080100/1100000 (98.2%) | Process: Running
[15:37:52] Step: 1080100/1100000 (98.2%) | Process: Running
[15:38:24] Step: 1080100/1100000 (98.2%) | Process: Running
[15:38:56] Step: 1080100/1100000 (98.2%) | Process: Running
[15:39:28] Step: 1081080/1100000 (98.3%) | Process: Running
[15:40:00] Step: 1081080/1100000 (98.3%) | Process: Running
[15:40:31] Step: 1081080/1100000 (98.3%) | Process: Running
[15:41:03] Step: 1082030/1100000 (98.4%) | Process: Running
[15:41:35] Step: 1082030/1100000 (98.4%) | Process: Running
[15:42:07] Step: 1082030/1100000 (98.4%) | Process: Running
[15:42:39] Step: 1082030/1100000 (98.4%) | Process: Running
[15:43:16] Step: 1082030/1100000 (98.4%) | Process: Running
[15:43:48] Step: 1083000/1100000 (98.5%) | Process: Running
[15:44:20] Step: 1083000/1100000 (98.5%) | Process: Running
[15:44:51] Step: 1083000/1100000 (98.5%) | Process: Running
[15:45:23] Step: 1083000/1100000 (98.5%) | Process: Running
[15:45:55] Step: 1083960/1100000 (98.5%) | Process: Running
[15:46:27] Step: 1083960/1100000 (98.5%) | Process: Running
[15:46:59] Step: 1083960/1100000 (98.5%) | Process: Running
[15:47:31] Step: 1084910/1100000 (98.6%) | Process: Running
[15:48:03] Step: 1084910/1100000 (98.6%) | Process: Running
[15:48:35] Step: 1084910/1100000 (98.6%) | Process: Running
[15:49:07] Step: 1084910/1100000 (98.6%) | Process: Running
[15:49:39] Step: 1085860/1100000 (98.7%) | Process: Running
[15:50:11] Step: 1085860/1100000 (98.7%) | Process: Running
[15:50:42] Step: 1085860/1100000 (98.7%) | Process: Running
[15:51:14] Step: 1085860/1100000 (98.7%) | Process: Running
[15:51:46] Step: 1086810/1100000 (98.8%) | Process: Running
[15:52:18] Step: 1086810/1100000 (98.8%) | Process: Running
[15:52:50] Step: 1086810/1100000 (98.8%) | Process: Running
[15:53:22] Step: 1086810/1100000 (98.8%) | Process: Running
[15:53:54] Step: 1087760/1100000 (98.9%) | Process: Running
[15:54:26] Step: 1087760/1100000 (98.9%) | Process: Running
[15:54:58] Step: 1087760/1100000 (98.9%) | Process: Running
[15:55:29] Step: 1088720/1100000 (99.0%) | Process: Running
[15:56:01] Step: 1088720/1100000 (99.0%) | Process: Running
[15:56:33] Step: 1088720/1100000 (99.0%) | Process: Running
[15:57:05] Step: 1088720/1100000 (99.0%) | Process: Running
[15:57:37] Step: 1089670/1100000 (99.1%) | Process: Running
[15:58:09] Step: 1089670/1100000 (99.1%) | Process: Running
[15:58:42] Step: 1089670/1100000 (99.1%) | Process: Running
[15:59:14] Step: 1089670/1100000 (99.1%) | Process: Running
[15:59:47] Step: 1090320/1100000 (99.1%) | Process: Running
[16:00:19] Step: 1090320/1100000 (99.1%) | Process: Running
[16:00:51] Step: 1090320/1100000 (99.1%) | Process: Running
[16:01:23] Step: 1090320/1100000 (99.1%) | Process: Running
[16:01:55] Step: 1091280/1100000 (99.2%) | Process: Running
[16:02:27] Step: 1091280/1100000 (99.2%) | Process: Running
[16:02:59] Step: 1091280/1100000 (99.2%) | Process: Running
[16:03:31] Step: 1092240/1100000 (99.3%) | Process: Running
[16:04:03] Step: 1092240/1100000 (99.3%) | Process: Running
[16:04:35] Step: 1092240/1100000 (99.3%) | Process: Running
[16:05:07] Step: 1092240/1100000 (99.3%) | Process: Running
[16:05:38] Step: 1093210/1100000 (99.4%) | Process: Running
[16:06:10] Step: 1093210/1100000 (99.4%) | Process: Running
[16:06:42] Step: 1093210/1100000 (99.4%) | Process: Running
[16:07:14] Step: 1093210/1100000 (99.4%) | Process: Running
[16:07:46] Step: 1094160/1100000 (99.5%) | Process: Running
[16:08:18] Step: 1094160/1100000 (99.5%) | Process: Running
[16:08:50] Step: 1094160/1100000 (99.5%) | Process: Running
[16:09:22] Step: 1094160/1100000 (99.5%) | Process: Running
[16:09:53] Step: 1095120/1100000 (99.6%) | Process: Running
[16:10:25] Step: 1095120/1100000 (99.6%) | Process: Running
[16:10:57] Step: 1095120/1100000 (99.6%) | Process: Running
[16:11:29] Step: 1095120/1100000 (99.6%) | Process: Running
[16:12:01] Step: 1096090/1100000 (99.6%) | Process: Running
[16:12:33] Step: 1096090/1100000 (99.6%) | Process: Running
[16:13:05] Step: 1096090/1100000 (99.6%) | Process: Running
[16:13:37] Step: 1096820/1100000 (99.7%) | Process: Running
[16:14:09] Step: 1096820/1100000 (99.7%) | Process: Running
[16:14:41] Step: 1096820/1100000 (99.7%) | Process: Running
[16:15:13] Step: 1096820/1100000 (99.7%) | Process: Running
[16:15:45] Step: 1097780/1100000 (99.8%) | Process: Running
[16:16:17] Step: 1097780/1100000 (99.8%) | Process: Running
[16:16:48] Step: 1097780/1100000 (99.8%) | Process: Running
[16:17:20] Step: 1097780/1100000 (99.8%) | Process: Running
[16:17:52] Step: 1098760/1100000 (99.9%) | Process: Running
[16:18:24] Step: 1098760/1100000 (99.9%) | Process: Running
[16:18:56] Step: 1098760/1100000 (99.9%) | Process: Running
[16:19:28] Step: 1098760/1100000 (99.9%) | Process: Running
[16:20:00] Step: 1099710/1100000 (100.0%) | Process: Running
[16:20:32] Step: 1099811/1100000 (100.0%) | Process: Running
[16:21:03] Step: 1099811/1100000 (100.0%) | Process: Running
[16:21:35] Step: 1099811/1100000 (100.0%) | Process: Running
[16:22:07] Step: 1099811/1100000 (100.0%) | Process: Running
[16:22:39] Step: 1099811/1100000 (100.0%) | Process: Running
[16:23:11] Step: 1099811/1100000 (100.0%) | Process: Running
[16:23:43] Step: 1099811/1100000 (100.0%) | Process: Running
[16:24:15] Step: 1099811/1100000 (100.0%) | Process: Running
[16:24:47] Step: 1099811/1100000 (100.0%) | Process: Running
[16:25:18] Step: 1099811/1100000 (100.0%) | Process: Running
[16:25:50] Step: 1099811/1100000 (100.0%) | Process: Running
[16:26:22] Step: 1099811/1100000 (100.0%) | Process: Running
[16:26:54] Step: 1099811/1100000 (100.0%) | Process: Running
[16:27:26] Step: 1099811/1100000 (100.0%) | Process: Running
[16:27:58] Step: 1099811/1100000 (100.0%) | Process: Running
[16:28:30] Step: 1099811/1100000 (100.0%) | Process: Running
[16:29:02] Step: 1099811/1100000 (100.0%) | Process: Running
[16:29:34] Step: 1099811/1100000 (100.0%) | Process: Running
[16:30:06] Step: 1099811/1100000 (100.0%) | Process: Running
[16:30:37] Step: 1099811/1100000 (100.0%) | Process: Running
[16:31:09] Step: 1099811/1100000 (100.0%) | Process: Running
[16:31:41] Step: 1099811/1100000 (100.0%) | Process: Running
